2021/02/27 18:35:40 main.go:249: in the Update: test
test
2021/02/27 18:36:29 main.go:249: in the Update: test
2021/02/27 18:36:29 main.go:252: in the Update: inputs 2
2021/02/27 18:37:07 main.go:249: in the Update: test
test
test
2021/02/27 18:37:07 main.go:251: in the Update: inputs 4
2021/02/27 18:37:07 main.go:253: in the Update: inputs 4
2021/02/27 18:37:54 main.go:249: in the Update: test
test
2021/02/27 18:37:54 main.go:251: in the Update: inputs 3
2021/02/27 18:37:54 main.go:253: in the Update: inputs 3
2021/02/27 18:37:57 main.go:249: in the Update: test
2021/02/27 18:37:57 main.go:251: in the Update: inputs 3
2021/02/27 18:37:57 main.go:253: in the Update: inputs 3
2021/02/27 18:37:58 main.go:249: in the Update: test
2021/02/27 18:37:58 main.go:251: in the Update: inputs 3
2021/02/27 18:37:58 main.go:253: in the Update: inputs 3
2021/02/27 18:38:03 main.go:249: in the Update: test
2021/02/27 18:38:03 main.go:251: in the Update: inputs 3
2021/02/27 18:38:03 main.go:253: in the Update: inputs 3
2021/02/27 18:38:05 main.go:249: in the Update: test
2021/02/27 18:38:05 main.go:251: in the Update: inputs 3
2021/02/27 18:38:05 main.go:253: in the Update: inputs 3
2021/02/27 18:42:19 main.go:249: in the Update: test
test
test
2021/02/27 18:42:19 main.go:251: in the Update: inputs 4
2021/02/27 18:42:19 main.go:253: in the Update: inputs 4
2021/02/27 18:42:28 main.go:249: in the Update: test
test
2021/02/27 18:42:28 main.go:251: in the Update: inputs 3
2021/02/27 18:42:28 main.go:253: in the Update: inputs 3
2021/02/27 18:42:54 main.go:249: in the Update: test
2021/02/27 18:42:54 main.go:251: in the Update: inputs 2
2021/02/27 18:42:54 main.go:253: in the Update: inputs 1
2021/02/27 18:47:50 main.go:249: in the Update: test
test
jltest
test
test
kjkljkljkltest
test
test
test
test
testaaaaa
fdafatest
test
test
afdatest
test
test
fdafatest
test
fdafdatest
test
test
test
test
test
test
test
test
fdfafdsatest
test
test
2021/02/27 18:47:50 main.go:251: in the Update: inputs 32
2021/02/27 18:47:50 main.go:253: in the Update: inputs 31
2021/02/27 18:47:55 main.go:249: in the Update: test
test
jltest
test
test
kjkljkljkltest
test
test
test
test
testaaaaa
fdafatest
test
test
afdatest
test
test
fdafatest
test
test
test
test
test
test
test
test
test
fdfafdsatest
test
test
2021/02/27 18:47:55 main.go:251: in the Update: inputs 31
2021/02/27 18:47:55 main.go:253: in the Update: inputs 30
2021/02/27 18:47:57 main.go:249: in the Update: test
test
jltest
test
test
kjkljkljkltest
test
test
test
test
testaaaaa
fdafatest
test
test
afdatest
test
test
test
test
test
test
test
test
test
test
test
fdfafdsatest
test
test
2021/02/27 18:47:57 main.go:251: in the Update: inputs 30
2021/02/27 18:47:57 main.go:253: in the Update: inputs 29
2021/02/27 18:47:58 main.go:249: in the Update: test
test
jltest
test
test
kjkljkljkltest
test
test
test
test
testaaaaa
fdafatest
test
test
test
test
test
test
test
test
test
test
test
test
test
fdfafdsatest
test
test
2021/02/27 18:47:58 main.go:251: in the Update: inputs 29
2021/02/27 18:47:58 main.go:253: in the Update: inputs 28
2021/02/27 18:47:59 main.go:249: in the Update: test
test
jltest
test
test
kjkljkljkltest
test
test
test
test
testaaaaa
test
test
test
test
test
test
test
test
test
test
test
test
test
fdfafdsatest
test
test
2021/02/27 18:47:59 main.go:251: in the Update: inputs 28
2021/02/27 18:47:59 main.go:253: in the Update: inputs 27
2021/02/27 18:48:00 main.go:249: in the Update: test
test
jltest
test
test
kjkljkljkltest
test
test
test
test
test
test
test
test
test
test
test
test
test
test
test
test
test
fdfafdsatest
test
test
2021/02/27 18:48:00 main.go:251: in the Update: inputs 27
2021/02/27 18:48:00 main.go:253: in the Update: inputs 26
2021/02/27 18:48:01 main.go:249: in the Update: test
test
jltest
test
test
test
test
test
test
test
test
test
test
test
test
test
test
test
test
test
test
test
fdfafdsatest
test
test
2021/02/27 18:48:01 main.go:251: in the Update: inputs 26
2021/02/27 18:48:01 main.go:253: in the Update: inputs 25
2021/02/27 18:48:05 main.go:249: in the Update: test
test
jltest
test
test
test
test
test
test
test
test
test
test
test
test
test
test
test
test
test
test
test
test
test
2021/02/27 18:48:05 main.go:251: in the Update: inputs 25
2021/02/27 18:48:05 main.go:253: in the Update: inputs 24
